// Jest Snapshot v1, https://goo.gl/fbAQLP

exports[`icon 测试 name = wechat 1`] = `
<svg
  className="zeroUI-icon"
>
  <use
    xlinkHref="#wechat"
  />
</svg>
`;
