// Jest Snapshot v1, https://goo.gl/fbAQLP

exports[`button 测试 是个div 1`] = `
<button
  className="zeroUI-button zeroUI-button-normal zeroUI-button-left"
>
  
  
  <div
    className="zeroUI-button-content"
  >
    button
  </div>
</button>
`;
